// Jest Snapshot v1, https://goo.gl/fbAQLP

exports[`Section should be rendered 1`] = `
<div
  className="section-container"
  style={
    Object {
      "backgroundImage": "url()",
      "height": "300px",
    }
  }
>
  children
</div>
`;
